code: 0
stdout:
{"ok":true,"data":{"boards":{"task":[{"status":"todo","tasks":[]},{"status":"in_progress","tasks":[{"id":"t00001","type":"task","title":"Worker Task","status":"in_progress","priority":"normal","assignee":"codex","file":".sya/tasks/t00001-worker-task.md"}]},{"status":"done","tasks":[]},{"status":"scrapped","tasks":[]}]}}}
stderr:
