code: 0
stdout:
bug
  open:
    b00001 Bug Fix
  triage:
    -
  impl:
    -
  verify:
    -
  done:
    -
  scrapped:
    -

decision
  proposed:
    -
  accepted:
    -
  superseded:
    -
  rejected:
    -

docs
  todo:
    -
  writing:
    -
  done:
    -

epic
  open:
    e00001 Platform Epic
  active:
    -
  done:
    -
  scrapped:
    -

feature
  draft — Идея зафиксирована, требования не созрели:
    f00001 Feature API
  spec — Пишется и ревьюится спецификация:
    -
  impl — Реализация в работе:
    -
  review — Код-ревью + проверка acceptance-критериев:
    -
  done — Смержено и проверено:
    -
  scrapped — Отменено, причина в Log:
    -

task
  todo:
    -
  in_progress:
    t00001 Worker Task (codex)
  done:
    -
  scrapped:
    -
stderr:
