code: 4
stdout:
severity kind                       task     path                               message
error    dangling_relation          <id>   .sya/tasks/<id>-broken.md        relation "depends_on" target "missing1" does not resolve
error    field_type_invalid         <id>   .sya/tasks/<id>-broken.md        field "ready" does not match declared type "bool"
error    field_type_invalid         <id>   .sya/tasks/<id>-broken.md        field "size" does not match declared type "enum"
error    field_unknown              <id>   .sya/tasks/<id>-broken.md        field "unknown" is not declared for type "task"
error    parent_not_container       <id>   .sya/tasks/<id>-broken.md        parent "ppp001" has non-container type "task"
error    relation_unknown           <id>   .sya/tasks/<id>-broken.md        relation "missingrel" is not declared in schema
error    section_unknown            <id>   .sya/tasks/<id>-broken.md        section "Surprise" is not declared for type "task"
error    task_status_unknown        <id>   .sya/tasks/<id>-broken.md        status "ghost" is not in pipeline for type "task"
error    conflict_markers                    .sya/tasks/<id>-conflict.md      conflict markers found [fixable]
error    relation_cycle             cyc002   .sya/tasks/cyc002-cycle.md         graph:dag relation "depends_on" has cycle: cyc002 -> cyc003 -> cyc002
error    duplicate_id                        .sya/tasks/dup001-a.md             duplicate task id "dup001" [fixable]
error    schema_version_future      fut001   .sya/tasks/fut001-future.md        task schema_version 99 is newer than schema version 2
error    parent_cycle               par001   .sya/tasks/par001-parent-cycle.md  parent cycle detected: par001 -> par002 -> par001
warning  symmetric_duplicate_edge            .sya/tasks/<id>-broken.md        duplicate canonical edge <id> relates rel002 [fixable]
info     schema_version_drift       <id>   .sya/tasks/<id>-broken.md        task schema_version 1 is older than schema version 2 [fixable]
stderr:
