code: 3
stdout:
stderr:
error: transition blocked: spec -> impl (Спека утверждена — начинаем реализацию)
  - [field] Спека не утверждена (fields.spec_approved)
    hint: После ревью спеки: sya update <id> --field spec_approved=true
  - [section_nonempty] $ROOT/.sya/tasks/<id>-blocked-feature.md: Секция Design пуста
    hint: sya edit <id> --section Design
  alternatives: scrapped (setback)
