code: 0
stdout:
{"ok":true,"data":{"task":"<id>","status":"draft","transitions":[{"to":"spec","kind":"advance","description":"Требования созрели — пишем спецификацию","target_status_description":"Пишется и ревьюится спецификация","passing":true},{"to":"scrapped","kind":"setback","target_status_description":"Отменено, причина в Log","passing":false,"violations":[{"kind":"blocking_relation","relation":"depends_on","message":"blocking relation \"depends_on\" has non-terminal targets","offending":[{"id":"<id>","title":"Dependency","type":"task","status":"todo","file":".sya/tasks/<id>-dependency.md"}]}]}]}}
stderr:
